   Compiling proc-macro2 v1.0.107
   Compiling quote v1.0.47
   Compiling unicode-ident v1.0.24
   Compiling libc v0.2.189
   Compiling subtle v2.6.1
   Compiling cfg-if v1.0.4
   Compiling rand_core v0.10.1
   Compiling cmov v0.5.3
   Compiling typenum v1.20.1
   Compiling getrandom v0.4.3
   Compiling const-oid v0.10.2
   Compiling shlex v1.3.0
   Compiling find-msvc-tools v0.1.9
   Compiling once_cell v1.21.4
   Compiling pin-project-lite v0.2.17
   Compiling futures-core v0.3.32
   Compiling bytes v1.11.1
   Compiling equivalent v1.0.2
   Compiling ctutils v0.4.2
   Compiling hashbrown v0.16.1
   Compiling stable_deref_trait v1.2.1
   Compiling futures-sink v0.3.32
   Compiling autocfg v1.5.0
   Compiling fs_extra v1.3.0
   Compiling dunce v1.0.5
   Compiling serde_core v1.0.228
   Compiling itoa v1.0.18
   Compiling slab v0.4.12
   Compiling futures-channel v0.3.32
   Compiling smallvec v1.15.1
   Compiling memchr v2.8.0
   Compiling aws-lc-rs v1.16.2
   Compiling num-traits v0.2.19
   Compiling winnow v1.0.0
   Compiling tracing-core v0.1.36
   Compiling indexmap v2.13.0
   Compiling http v1.4.0
   Compiling writeable v0.6.2
   Compiling syn v2.0.119
   Compiling toml_datetime v1.0.1+spec-1.1.0
   Compiling futures-io v0.3.32
   Compiling serde v1.0.228
   Compiling futures-task v0.3.32
   Compiling litemap v0.8.1
   Compiling ff v0.14.0
   Compiling cpubits v0.1.1
   Compiling cfg_aliases v0.2.1
   Compiling icu_normalizer_data v2.1.1
   Compiling icu_properties_data v2.1.2
   Compiling borsh v1.8.0
   Compiling ident_case v1.0.1
   Compiling http-body v1.0.1
   Compiling untrusted v0.9.0
   Compiling rustls v0.23.37
   Compiling cpufeatures v0.3.0
   Compiling toml_parser v1.0.10+spec-1.1.0
   Compiling pkg-config v0.3.32
   Compiling strsim v0.11.1
   Compiling httparse v1.10.1
   Compiling group v0.14.0
   Compiling jobserver v0.1.34
   Compiling mio v1.2.0
   Compiling socket2 v0.6.3
   Compiling keccak v0.2.0
   Compiling base64 v0.22.1
   Compiling cc v1.2.57
   Compiling toml_edit v0.25.5+spec-1.1.0
   Compiling base16ct v1.0.0
   Compiling tower-service v0.3.3
   Compiling log v0.4.29
   Compiling semver v1.0.27
   Compiling fnv v1.0.7
   Compiling percent-encoding v2.3.2
   Compiling try-lock v0.2.5
   Compiling atomic-waker v1.1.2
   Compiling pin-utils v0.1.0
   Compiling want v0.3.1
   Compiling bitflags v2.11.0
   Compiling zmij v1.0.21
   Compiling syn v3.0.3
   Compiling sync_wrapper v1.0.2
   Compiling rustc_version v0.4.1
   Compiling rustix v1.1.4
   Compiling ipnet v2.12.0
   Compiling regex-syntax v0.8.10
   Compiling sponge-cursor v0.1.0
   Compiling tinyvec_macros v0.1.1
   Compiling arrayvec v0.7.6
   Compiling utf8_iter v1.0.4
   Compiling curve25519-dalek v5.0.0
   Compiling tower-layer v0.3.3
   Compiling proc-macro-crate v3.5.0
   Compiling openssl-probe v0.2.1
   Compiling serde_json v1.0.151
   Compiling hex-conservative v0.2.2
   Compiling cmake v0.1.57
   Compiling tinyvec v1.11.0
   Compiling form_urlencoded v1.2.2
   Compiling hex v0.4.3
   Compiling thiserror v2.0.19
   Compiling iri-string v0.7.10
   Compiling lazy_static v1.5.0
   Compiling linux-raw-sys v0.12.1
   Compiling bs58 v0.5.1
   Compiling option-ext v0.2.0
   Compiling dirs-sys v0.5.0
   Compiling sharded-slab v0.1.7
   Compiling bitcoin_hashes v0.14.1
   Compiling unicode-normalization v0.1.25
   Compiling aws-lc-sys v0.39.0
   Compiling libdbus-sys v0.2.7
   Compiling regex-automata v0.4.14
   Compiling tracing-log v0.2.0
   Compiling chacha20 v0.10.0
   Compiling http-body-util v0.1.3
   Compiling thread_local v1.1.9
   Compiling encoding_rs v0.8.35
   Compiling fastrand v2.3.0
   Compiling mime v0.3.17
   Compiling near-crypto-hash v0.2.0
   Compiling nu-ansi-term v0.50.3
   Compiling tempfile v3.27.0
   Compiling rand v0.10.1
   Compiling matchers v0.2.0
   Compiling synstructure v0.13.2
   Compiling darling_core v0.23.0
   Compiling dirs v6.0.0
   Compiling base64 v0.23.1
   Compiling thiserror-impl v2.0.19
   Compiling near-kit-macros v0.12.1 (/home/ricky/near-kit-worktrees/issue-283/crates/near-kit-macros)
   Compiling zeroize_derive v1.4.3
   Compiling zerofrom-derive v0.1.6
   Compiling yoke-derive v0.8.1
   Compiling zerovec-derive v0.11.2
   Compiling tokio-macros v2.7.0
   Compiling displaydoc v0.2.5
   Compiling futures-macro v0.3.32
   Compiling serde_derive v1.0.228
   Compiling tracing-attributes v0.1.31
   Compiling zerofrom v0.1.6
   Compiling futures-util v0.3.32
   Compiling borsh-derive v1.8.0
   Compiling darling_macro v0.23.0
   Compiling tokio v1.53.1
   Compiling curve25519-dalek-derive v0.1.1
   Compiling cfg_eval v0.1.2
   Compiling zeroize v1.8.2
   Compiling yoke v0.8.1
   Compiling hybrid-array v0.4.13
   Compiling zerovec v0.11.5
   Compiling der v0.8.0
   Compiling zerotrie v0.2.3
   Compiling tinystr v0.8.2
   Compiling potential_utf v0.1.4
   Compiling icu_locale_core v2.1.1
   Compiling rustls-pki-types v1.14.0
   Compiling icu_collections v2.1.1
   Compiling crypto-common v0.2.1
   Compiling block-buffer v0.12.0
   Compiling crypto-bigint v0.7.5
   Compiling tracing v0.1.44
   Compiling spki v0.8.0
   Compiling icu_provider v2.1.1
   Compiling sec1 v0.8.1
   Compiling pkcs8 v0.11.0
   Compiling darling v0.23.0
   Compiling serde_with_macros v3.21.0
   Compiling digest v0.11.2
   Compiling rustls-native-certs v0.8.3
   Compiling wnaf v0.14.0
   Compiling signature v3.0.0
   Compiling hmac v0.13.0
   Compiling sha2 v0.11.0
   Compiling ed25519 v3.0.0
   Compiling sha3 v0.11.0
   Compiling shake v0.1.0
   Compiling digest-io v0.1.0
   Compiling futures-executor v0.3.32
   Compiling module-lattice v0.2.3
   Compiling sha3 v0.12.0
   Compiling icu_normalizer v2.1.1
   Compiling icu_properties v2.1.2
   Compiling serde_with v3.21.0
   Compiling near-account-id v2.6.0
   Compiling ml-dsa v0.1.1
   Compiling futures v0.3.32
   Compiling bip39 v2.2.2
   Compiling near-token v0.3.4
   Compiling near-gas v0.3.6
   Compiling tokio-util v0.7.18
   Compiling elliptic-curve v0.14.1
   Compiling primefield v0.14.0
   Compiling rfc6979 v0.6.0
   Compiling tower v0.5.3
   Compiling tokio-stream v0.1.18
   Compiling ed25519-dalek v3.0.0
   Compiling tracing-subscriber v0.3.23
   Compiling primeorder v0.14.0
   Compiling h2 v0.4.13
   Compiling idna_adapter v1.2.1
   Compiling idna v1.1.0
   Compiling tower-http v0.6.8
   Compiling ecdsa v0.17.0
   Compiling tokio-test v0.4.5
   Compiling url v2.5.8
   Compiling k256 v0.14.0
   Compiling near-global-contracts v0.2.5
   Compiling hyper v1.8.1
   Compiling hyper-util v0.1.20
   Compiling dbus v0.9.10
   Compiling dbus-secret-service v4.1.0
   Compiling keyring v3.6.3
   Compiling rustls-webpki v0.103.10
   Compiling tokio-rustls v0.26.4
   Compiling rustls-platform-verifier v0.6.2
   Compiling hyper-rustls v0.27.7
   Compiling reqwest v0.13.4
   Compiling near-kit v0.15.0 (/home/ricky/near-kit-worktrees/issue-283/crates/near-kit)
    Finished `test` profile [unoptimized + debuginfo] target(s) in 1m 21s
  Executable unittests src/lib.rs (target/debug/deps/near_kit-26bd649396dd8714)
done
